// Jest Snapshot v1, https://goo.gl/fbAQLP

exports[`Header Header snapshot 1`] = `
Object {
  "asFragment": [Function],
  "baseElement": <body>
    <div>
      <div
        class="pageHeading"
        style="background-image: url(http://ktm.by/images/made/images/bg/2713/361975_MY21-KTM-890-DUKE_Action_cebf97f0912754aa122e60151c9c0586.jpeg);"
      >
        <div
          class="pageHeadingText"
        >
          <h1>
            naked
             
          </h1>
          <h2>
            Городские мотоциклы-стритфайтеры
          </h2>
          <h3>
            1
             
            модель
          </h3>
        </div>
      </div>
    </div>
  </body>,
  "container": <div>
    <div
      class="pageHeading"
      style="background-image: url(http://ktm.by/images/made/images/bg/2713/361975_MY21-KTM-890-DUKE_Action_cebf97f0912754aa122e60151c9c0586.jpeg);"
    >
      <div
        class="pageHeadingText"
      >
        <h1>
          naked
           
        </h1>
        <h2>
          Городские мотоциклы-стритфайтеры
        </h2>
        <h3>
          1
           
          модель
        </h3>
      </div>
    </div>
  </div>,
  "debug": [Function],
  "findAllByAltText": [Function],
  "findAllByDisplayValue": [Function],
  "findAllByLabelText": [Function],
  "findAllByPlaceholderText": [Function],
  "findAllByRole": [Function],
  "findAllByTestId": [Function],
  "findAllByText": [Function],
  "findAllByTitle": [Function],
  "findByAltText": [Function],
  "findByDisplayValue": [Function],
  "findByLabelText": [Function],
  "findByPlaceholderText": [Function],
  "findByRole": [Function],
  "findByTestId": [Function],
  "findByText": [Function],
  "findByTitle": [Function],
  "getAllByAltText": [Function],
  "getAllByDisplayValue": [Function],
  "getAllByLabelText": [Function],
  "getAllByPlaceholderText": [Function],
  "getAllByRole": [Function],
  "getAllByTestId": [Function],
  "getAllByText": [Function],
  "getAllByTitle": [Function],
  "getByAltText": [Function],
  "getByDisplayValue": [Function],
  "getByLabelText": [Function],
  "getByPlaceholderText": [Function],
  "getByRole": [Function],
  "getByTestId": [Function],
  "getByText": [Function],
  "getByTitle": [Function],
  "queryAllByAltText": [Function],
  "queryAllByDisplayValue": [Function],
  "queryAllByLabelText": [Function],
  "queryAllByPlaceholderText": [Function],
  "queryAllByRole": [Function],
  "queryAllByTestId": [Function],
  "queryAllByText": [Function],
  "queryAllByTitle": [Function],
  "queryByAltText": [Function],
  "queryByDisplayValue": [Function],
  "queryByLabelText": [Function],
  "queryByPlaceholderText": [Function],
  "queryByRole": [Function],
  "queryByTestId": [Function],
  "queryByText": [Function],
  "queryByTitle": [Function],
  "rerender": [Function],
  "unmount": [Function],
}
`;
